// Jest Snapshot v1, https://goo.gl/fbAQLP

exports[` Pruebas en CounterApp Should match with snapshot 1`] = `undefined`;
